******************************************************************************
                  MSP430 Linker PC v21.6.1                     
******************************************************************************
>> Linked Tue Sep 22 17:23:59 2026

OUTPUT FILE NAME:   <projet_robot.out>
ENTRY POINT SYMBOL: "_c_int00_noargs"  address: 0000c73c


MEMORY CONFIGURATION

         name            origin    length      used     unused   attr    fill
----------------------  --------  ---------  --------  --------  ----  --------
  SFR                   00000000   00000010  00000000  00000010  RWIX
  PERIPHERALS_8BIT      00000010   000000f0  00000000  000000f0  RWIX
  PERIPHERALS_16BIT     00000100   00000100  00000000  00000100  RWIX
  RAM                   00000200   00000200  00000058  000001a8  RWIX
  INFOD                 00001000   00000040  00000000  00000040  RWIX
  INFOC                 00001040   00000040  00000000  00000040  RWIX
  INFOB                 00001080   00000040  00000000  00000040  RWIX
  INFOA                 000010c0   00000040  00000000  00000040  RWIX
  FLASH                 0000c000   00003fde  000008d2  0000370c  RWIX
  BSLSIGNATURE          0000ffde   00000002  00000002  00000000  RWIX  ffff 
  INT00                 0000ffe0   00000002  00000002  00000000  RWIX
  INT01                 0000ffe2   00000002  00000000  00000002  RWIX
  INT02                 0000ffe4   00000002  00000002  00000000  RWIX
  INT03                 0000ffe6   00000002  00000002  00000000  RWIX
  INT04                 0000ffe8   00000002  00000000  00000002  RWIX
  INT05                 0000ffea   00000002  00000002  00000000  RWIX
  INT06                 0000ffec   00000002  00000002  00000000  RWIX
  INT07                 0000ffee   00000002  00000002  00000000  RWIX
  INT08                 0000fff0   00000002  00000002  00000000  RWIX
  INT09                 0000fff2   00000002  00000002  00000000  RWIX
  INT10                 0000fff4   00000002  00000002  00000000  RWIX
  INT11                 0000fff6   00000002  00000002  00000000  RWIX
  INT12                 0000fff8   00000002  00000002  00000000  RWIX
  INT13                 0000fffa   00000002  00000002  00000000  RWIX
  INT14                 0000fffc   00000002  00000002  00000000  RWIX
  RESET                 0000fffe   00000002  00000002  00000000  RWIX


SECTION ALLOCATION MAP

 output                                  attributes/
section   page    origin      length       input sections
--------  ----  ----------  ----------   ----------------
.bss       0    00000200    00000004     UNINITIALIZED
                  00000200    00000002     (.common:capt)
                  00000202    00000001     (.common:distance_parcourue)
                  00000203    00000001     (.common:is_moving)

.data      0    00000204    00000004     UNINITIALIZED
                  00000204    00000004     main.obj (.data)

.stack     0    000003b0    00000050     UNINITIALIZED
                  000003b0    00000002     rts430_eabi.lib : boot.c.obj (.stack)
                  000003b2    0000004e     --HOLE--

.text      0    0000c000    000008b2     
                  0000c000    000001c4     engines.obj (.text:action_robot)
                  0000c1c4    0000014c     main.obj (.text:enslavement)
                  0000c310    0000007c     rts430_eabi.lib : copy_decompress_lzss.c.obj (.text:decompress:lzss:__TI_decompress_lzss)
                  0000c38c    00000076     Afficheur.obj (.text:convert_Hex_Dec)
                  0000c402    0000004c     actions.obj (.text:choreography)
                  0000c44e    0000004c     engines.obj (.text:engines_configs)
                  0000c49a    0000004c     rts430_eabi.lib : lsr16.asm.obj (.text)
                  0000c4e6    00000042                     : autoinit.c.obj (.text:__TI_auto_init_nobinit_nopinit:__TI_auto_init_nobinit_nopinit)
                  0000c528    00000040     Afficheur.obj (.text:Aff_Init)
                  0000c568    00000040     main.obj (.text:main)
                  0000c5a8    0000003e     Afficheur.obj (.text:Aff_valeur)
                  0000c5e6    00000032     engines.obj (.text:robot_tourner_droite)
                  0000c618    0000002e     Afficheur.obj (.text:Init_USI_SPI)
                  0000c646    0000002c     rts430_eabi.lib : asr16.asm.obj (.text)
                  0000c672    0000002c                     : div16s.asm.obj (.text)
                  0000c69e    0000002c                     : lsl16.asm.obj (.text)
                  0000c6ca    0000002a     engines.obj (.text:octo_coupleur_reading_config)
                  0000c6f4    00000026     main.obj (.text:octo_coupleur)
                  0000c71a    00000022     Afficheur.obj (.text:Aff_4carac)
                  0000c73c    0000001c     rts430_eabi.lib : boot.c.obj (.text:_c_int00_noargs)
                  0000c758    00000018     Afficheur.obj (.text:Send_char_SPI)
                  0000c770    00000016     ADC.obj (.text:ADC_Demarrer_conversion)
                  0000c786    00000016     ADC.obj (.text:ADC_init)
                  0000c79c    00000016     main.obj (.text:afficheTime)
                  0000c7b2    00000016     rts430_eabi.lib : div16u.asm.obj (.text)
                  0000c7c8    00000014                     : copy_zero_init.c.obj (.text:decompress:ZI:__TI_zero_init_nomemset:__TI_zero_init_nomemset)
                  0000c7dc    00000014                     : mult16.asm.obj (.text)
                  0000c7f0    00000012     Afficheur.obj (.text:Aff_Luminosite)
                  0000c802    00000012     Afficheur.obj (.text:Aff_Points)
                  0000c814    00000012     rts430_eabi.lib : copy_decompress_none.c.obj (.text:decompress:none:__TI_decompress_none)
                  0000c826    00000012                     : memcpy.c.obj (.text:memcpy)
                  0000c838    00000010     ADC.obj (.text:ADC_Lire_resultat)
                  0000c848    00000010     Afficheur.obj (.text:Aff_Efface)
                  0000c858    00000010     main.obj (.text:limit)
                  0000c868    00000010     rts430_eabi.lib : epilog.asm.obj (.text)
                  0000c878    0000000e     engines.obj (.text:timer_set)
                  0000c886    00000008     rts430_eabi.lib : isr_trap.asm.obj (.text:_isr:__TI_ISR_TRAP)
                  0000c88e    00000008     engines.obj (.text:robot_arret)
                  0000c896    00000008     engines.obj (.text:robot_avancer)
                  0000c89e    00000008     engines.obj (.text:timer_start)
                  0000c8a6    00000006     rts430_eabi.lib : exit.c.obj (.text:abort)
                  0000c8ac    00000004                     : pre_init.c.obj (.text:_system_pre_init)
                  0000c8b0    00000002                     : startup.c.obj (.text:_system_post_cinit)

.const     0    0000c8b2    00000006     
                  0000c8b2    00000006     Afficheur.obj (.const:.string)

.cinit     0    0000c8b8    0000001a     
                  0000c8b8    00000007     (.cinit..data.load) [load image, compression = lzss]
                  0000c8bf    00000001     --HOLE-- [fill = 0]
                  0000c8c0    00000006     (__TI_handler_table)
                  0000c8c6    00000004     (.cinit..bss.load) [load image, compression = zero_init]
                  0000c8ca    00000008     (__TI_cinit_table)

.binit     0    0000c000    00000000     

.init_array 
*          0    0000c000    00000000     UNINITIALIZED

TRAPINT    0    0000ffe0    00000002     
                  0000ffe0    00000002     rts430_eabi.lib : int00.asm.obj (.int00)

PORT1      0    0000ffe4    00000002     
                  0000ffe4    00000002     rts430_eabi.lib : int02.asm.obj (.int02)

PORT2      0    0000ffe6    00000002     
                  0000ffe6    00000002     main.obj (.int03)

ADC10      0    0000ffea    00000002     
                  0000ffea    00000002     rts430_eabi.lib : int05.asm.obj (.int05)

USCIAB0TX 
*          0    0000ffec    00000002     
                  0000ffec    00000002     rts430_eabi.lib : int06.asm.obj (.int06)

USCIAB0RX 
*          0    0000ffee    00000002     
                  0000ffee    00000002     rts430_eabi.lib : int07.asm.obj (.int07)

TIMER0_A1 
*          0    0000fff0    00000002     
                  0000fff0    00000002     main.obj (.int08)

TIMER0_A0 
*          0    0000fff2    00000002     
                  0000fff2    00000002     rts430_eabi.lib : int09.asm.obj (.int09)

WDT        0    0000fff4    00000002     
                  0000fff4    00000002     rts430_eabi.lib : int10.asm.obj (.int10)

COMPARATORA 
*          0    0000fff6    00000002     
                  0000fff6    00000002     rts430_eabi.lib : int11.asm.obj (.int11)

TIMER1_A1 
*          0    0000fff8    00000002     
                  0000fff8    00000002     rts430_eabi.lib : int12.asm.obj (.int12)

TIMER1_A0 
*          0    0000fffa    00000002     
                  0000fffa    00000002     rts430_eabi.lib : int13.asm.obj (.int13)

NMI        0    0000fffc    00000002     
                  0000fffc    00000002     rts430_eabi.lib : int14.asm.obj (.int14)

.reset     0    0000fffe    00000002     
                  0000fffe    00000002     rts430_eabi.lib : boot.c.obj (.reset)

$fill000   0    0000ffde    00000002     
                  0000ffde    00000002     --HOLE-- [fill = ffff]

MODULE SUMMARY

       Module                       code   ro data   rw data
       ------                       ----   -------   -------
    .\
       main.obj                     472    4         8      
    +--+----------------------------+------+---------+---------+
       Total:                       472    4         8      
                                                            
    .\src\
       engines.obj                  658    0         0      
       Afficheur.obj                400    6         0      
       actions.obj                  76     0         0      
       ADC.obj                      60     0         0      
    +--+----------------------------+------+---------+---------+
       Total:                       1194   6         0      
                                                            
    C:\ti\ccs2020\ccs\tools\compiler\ti-cgt-msp430_21.6.1.LTS\lib\rts430_eabi.lib
       copy_decompress_lzss.c.obj   124    0         0      
       lsr16.asm.obj                76     0         0      
       autoinit.c.obj               66     0         0      
       asr16.asm.obj                44     0         0      
       div16s.asm.obj               44     0         0      
       lsl16.asm.obj                44     0         0      
       boot.c.obj                   28     2         0      
       div16u.asm.obj               22     0         0      
       copy_zero_init.c.obj         20     0         0      
       mult16.asm.obj               20     0         0      
       copy_decompress_none.c.obj   18     0         0      
       memcpy.c.obj                 18     0         0      
       epilog.asm.obj               16     0         0      
       isr_trap.asm.obj             8      0         0      
       exit.c.obj                   6      0         0      
       pre_init.c.obj               4      0         0      
       int00.asm.obj                0      2         0      
       int02.asm.obj                0      2         0      
       int05.asm.obj                0      2         0      
       int06.asm.obj                0      2         0      
       int07.asm.obj                0      2         0      
       int09.asm.obj                0      2         0      
       int10.asm.obj                0      2         0      
       int11.asm.obj                0      2         0      
       int12.asm.obj                0      2         0      
       int13.asm.obj                0      2         0      
       int14.asm.obj                0      2         0      
       startup.c.obj                2      0         0      
    +--+----------------------------+------+---------+---------+
       Total:                       560    24        0      
                                                            
       Stack:                       0      0         80     
       Linker Generated:            0      25        0      
    +--+----------------------------+------+---------+---------+
       Grand Total:                 2226   59        88     


LINKER GENERATED COPY TABLES

__TI_cinit_table @ 0000c8ca records: 2, size/record: 4, table size: 8
	.data: load addr=0000c8b8, load size=00000007 bytes, run addr=00000204, run size=00000004 bytes, compression=lzss
	.bss: load addr=0000c8c6, load size=00000004 bytes, run addr=00000200, run size=00000004 bytes, compression=zero_init


LINKER GENERATED HANDLER TABLE

__TI_handler_table @ 0000c8c0 records: 3, size/record: 2, table size: 6
	index: 0, handler: __TI_zero_init
	index: 1, handler: __TI_decompress_lzss
	index: 2, handler: __TI_decompress_none


GLOBAL SYMBOLS: SORTED ALPHABETICALLY BY Name 

address   name                          
-------   ----                          
0000004a  ADC10AE0                      
000001b0  ADC10CTL0                     
000001b2  ADC10CTL1                     
00000048  ADC10DTC0                     
00000049  ADC10DTC1                     
000001b4  ADC10MEM                      
000001bc  ADC10SA                       
0000c770  ADC_Demarrer_conversion       
0000c838  ADC_Lire_resultat             
0000c786  ADC_init                      
0000c71a  Aff_4carac                    
0000c848  Aff_Efface                    
0000c528  Aff_Init                      
0000c7f0  Aff_Luminosite                
0000c802  Aff_Points                    
0000c5a8  Aff_valeur                    
00000057  BCSCTL1                       
00000058  BCSCTL2                       
00000053  BCSCTL3                       
0000c8a6  C$$EXIT                       
00000059  CACTL1                        
0000005a  CACTL2                        
000010fb  CALBC1_12MHZ                  
000010f9  CALBC1_16MHZ                  
000010ff  CALBC1_1MHZ                   
000010fd  CALBC1_8MHZ                   
000010fa  CALDCO_12MHZ                  
000010f8  CALDCO_16MHZ                  
000010fe  CALDCO_1MHZ                   
000010fc  CALDCO_8MHZ                   
0000005b  CAPD                          
00000056  DCOCTL                        
00000128  FCTL1                         
0000012a  FCTL2                         
0000012c  FCTL3                         
00000000  IE1                           
00000001  IE2                           
00000002  IFG1                          
00000003  IFG2                          
0000c618  Init_USI_SPI                  
00000022  P1DIR                         
00000025  P1IE                          
00000024  P1IES                         
00000023  P1IFG                         
00000020  P1IN                          
00000021  P1OUT                         
00000027  P1REN                         
00000026  P1SEL                         
00000041  P1SEL2                        
0000002a  P2DIR                         
0000002d  P2IE                          
0000002c  P2IES                         
0000002b  P2IFG                         
00000028  P2IN                          
00000029  P2OUT                         
0000002f  P2REN                         
0000002e  P2SEL                         
00000042  P2SEL2                        
0000001a  P3DIR                         
00000018  P3IN                          
00000019  P3OUT                         
00000010  P3REN                         
0000001b  P3SEL                         
00000043  P3SEL2                        
0000c758  Send_char_SPI                 
00000172  TA0CCR0                       
00000174  TA0CCR1                       
00000176  TA0CCR2                       
00000162  TA0CCTL0                      
00000164  TA0CCTL1                      
00000166  TA0CCTL2                      
00000160  TA0CTL                        
0000012e  TA0IV                         
00000170  TA0R                          
00000192  TA1CCR0                       
00000194  TA1CCR1                       
00000196  TA1CCR2                       
00000182  TA1CCTL0                      
00000184  TA1CCTL1                      
00000186  TA1CCTL2                      
00000180  TA1CTL                        
0000011e  TA1IV                         
00000190  TA1R                          
000010db  TLV_ADC10_1_LEN               
000010da  TLV_ADC10_1_TAG               
000010c0  TLV_CHECKSUM                  
000010f7  TLV_DCO_30_LEN                
000010f6  TLV_DCO_30_TAG                
0000005d  UCA0ABCTL                     
00000062  UCA0BR0                       
00000063  UCA0BR1                       
00000060  UCA0CTL0                      
00000061  UCA0CTL1                      
0000005f  UCA0IRRCTL                    
0000005e  UCA0IRTCTL                    
00000064  UCA0MCTL                      
00000066  UCA0RXBUF                     
00000065  UCA0STAT                      
00000067  UCA0TXBUF                     
0000006a  UCB0BR0                       
0000006b  UCB0BR1                       
00000068  UCB0CTL0                      
00000069  UCB0CTL1                      
0000006c  UCB0I2CIE                     
00000118  UCB0I2COA                     
0000011a  UCB0I2CSA                     
0000006e  UCB0RXBUF                     
0000006d  UCB0STAT                      
0000006f  UCB0TXBUF                     
00000120  WDTCTL                        
00000400  __STACK_END                   
00000050  __STACK_SIZE                  
0000c8ca  __TI_CINIT_Base               
0000c8d2  __TI_CINIT_Limit              
0000c8d2  __TI_CINIT_Warm               
0000c8c0  __TI_Handler_Table_Base       
0000c8c6  __TI_Handler_Table_Limit      
0000c886  __TI_ISR_TRAP                 
0000c4e6  __TI_auto_init_nobinit_nopinit
0000c310  __TI_decompress_lzss          
0000c814  __TI_decompress_none          
0000ffe0  __TI_int00                    
0000ffe4  __TI_int02                    
0000ffe6  __TI_int03                    
0000ffea  __TI_int05                    
0000ffec  __TI_int06                    
0000ffee  __TI_int07                    
0000fff0  __TI_int08                    
0000fff2  __TI_int09                    
0000fff4  __TI_int10                    
0000fff6  __TI_int11                    
0000fff8  __TI_int12                    
0000fffa  __TI_int13                    
0000fffc  __TI_int14                    
ffffffff  __TI_pprof_out_hndl           
ffffffff  __TI_prof_data_size           
ffffffff  __TI_prof_data_start          
0000c7c8  __TI_zero_init_nomemset       
ffffffff  __c_args__                    
0000c672  __mspabi_divi                 
0000c7b2  __mspabi_divu                 
0000c874  __mspabi_func_epilog_1        
0000c872  __mspabi_func_epilog_2        
0000c870  __mspabi_func_epilog_3        
0000c86e  __mspabi_func_epilog_4        
0000c86c  __mspabi_func_epilog_5        
0000c86a  __mspabi_func_epilog_6        
0000c868  __mspabi_func_epilog_7        
0000c7dc  __mspabi_mpyi                 
0000c7dc  __mspabi_mpyi_sw              
0000c672  __mspabi_remi                 
0000c7b2  __mspabi_remu                 
0000c69e  __mspabi_slli                 
0000c6c6  __mspabi_slli_1               
0000c6b4  __mspabi_slli_10              
0000c6b2  __mspabi_slli_11              
0000c6b0  __mspabi_slli_12              
0000c6ae  __mspabi_slli_13              
0000c6ac  __mspabi_slli_14              
0000c6aa  __mspabi_slli_15              
0000c6c4  __mspabi_slli_2               
0000c6c2  __mspabi_slli_3               
0000c6c0  __mspabi_slli_4               
0000c6be  __mspabi_slli_5               
0000c6bc  __mspabi_slli_6               
0000c6ba  __mspabi_slli_7               
0000c6b8  __mspabi_slli_8               
0000c6b6  __mspabi_slli_9               
0000c646  __mspabi_srai                 
0000c66e  __mspabi_srai_1               
0000c65c  __mspabi_srai_10              
0000c65a  __mspabi_srai_11              
0000c658  __mspabi_srai_12              
0000c656  __mspabi_srai_13              
0000c654  __mspabi_srai_14              
0000c652  __mspabi_srai_15              
0000c66c  __mspabi_srai_2               
0000c66a  __mspabi_srai_3               
0000c668  __mspabi_srai_4               
0000c666  __mspabi_srai_5               
0000c664  __mspabi_srai_6               
0000c662  __mspabi_srai_7               
0000c660  __mspabi_srai_8               
0000c65e  __mspabi_srai_9               
0000c49a  __mspabi_srli                 
0000c4e0  __mspabi_srli_1               
0000c4bc  __mspabi_srli_10              
0000c4b8  __mspabi_srli_11              
0000c4b4  __mspabi_srli_12              
0000c4b0  __mspabi_srli_13              
0000c4ac  __mspabi_srli_14              
0000c4a8  __mspabi_srli_15              
0000c4dc  __mspabi_srli_2               
0000c4d8  __mspabi_srli_3               
0000c4d4  __mspabi_srli_4               
0000c4d0  __mspabi_srli_5               
0000c4cc  __mspabi_srli_6               
0000c4c8  __mspabi_srli_7               
0000c4c4  __mspabi_srli_8               
0000c4c0  __mspabi_srli_9               
0000c73c  _c_int00_noargs               
0000fffe  _reset_vector                 
000003b0  _stack                        
0000c8b0  _system_post_cinit            
0000c8ac  _system_pre_init              
0000c8a6  abort                         
0000c000  action_robot                  
0000c79c  afficheTime                   
00000200  capt                          
0000c402  choreography                  
0000c38c  convert_Hex_Dec               
00000202  distance_parcourue            
0000c44e  engines_configs               
0000c1c4  enslavement                   
00000207  error                         
00000203  is_moving                     
0000c858  limit                         
0000c568  main                          
0000c826  memcpy                        
00000204  nbr_front_roue1               
00000205  nbr_front_roue2               
0000c6f4  octo_coupleur                 
0000c6ca  octo_coupleur_reading_config  
0000c88e  robot_arret                   
0000c896  robot_avancer                 
0000c5e6  robot_tourner_droite          
00000206  sec                           
0000c878  timer_set                     
0000c89e  timer_start                   


GLOBAL SYMBOLS: SORTED BY Symbol Address 

address   name                          
-------   ----                          
00000000  IE1                           
00000001  IE2                           
00000002  IFG1                          
00000003  IFG2                          
00000010  P3REN                         
00000018  P3IN                          
00000019  P3OUT                         
0000001a  P3DIR                         
0000001b  P3SEL                         
00000020  P1IN                          
00000021  P1OUT                         
00000022  P1DIR                         
00000023  P1IFG                         
00000024  P1IES                         
00000025  P1IE                          
00000026  P1SEL                         
00000027  P1REN                         
00000028  P2IN                          
00000029  P2OUT                         
0000002a  P2DIR                         
0000002b  P2IFG                         
0000002c  P2IES                         
0000002d  P2IE                          
0000002e  P2SEL                         
0000002f  P2REN                         
00000041  P1SEL2                        
00000042  P2SEL2                        
00000043  P3SEL2                        
00000048  ADC10DTC0                     
00000049  ADC10DTC1                     
0000004a  ADC10AE0                      
00000050  __STACK_SIZE                  
00000053  BCSCTL3                       
00000056  DCOCTL                        
00000057  BCSCTL1                       
00000058  BCSCTL2                       
00000059  CACTL1                        
0000005a  CACTL2                        
0000005b  CAPD                          
0000005d  UCA0ABCTL                     
0000005e  UCA0IRTCTL                    
0000005f  UCA0IRRCTL                    
00000060  UCA0CTL0                      
00000061  UCA0CTL1                      
00000062  UCA0BR0                       
00000063  UCA0BR1                       
00000064  UCA0MCTL                      
00000065  UCA0STAT                      
00000066  UCA0RXBUF                     
00000067  UCA0TXBUF                     
00000068  UCB0CTL0                      
00000069  UCB0CTL1                      
0000006a  UCB0BR0                       
0000006b  UCB0BR1                       
0000006c  UCB0I2CIE                     
0000006d  UCB0STAT                      
0000006e  UCB0RXBUF                     
0000006f  UCB0TXBUF                     
00000118  UCB0I2COA                     
0000011a  UCB0I2CSA                     
0000011e  TA1IV                         
00000120  WDTCTL                        
00000128  FCTL1                         
0000012a  FCTL2                         
0000012c  FCTL3                         
0000012e  TA0IV                         
00000160  TA0CTL                        
00000162  TA0CCTL0                      
00000164  TA0CCTL1                      
00000166  TA0CCTL2                      
00000170  TA0R                          
00000172  TA0CCR0                       
00000174  TA0CCR1                       
00000176  TA0CCR2                       
00000180  TA1CTL                        
00000182  TA1CCTL0                      
00000184  TA1CCTL1                      
00000186  TA1CCTL2                      
00000190  TA1R                          
00000192  TA1CCR0                       
00000194  TA1CCR1                       
00000196  TA1CCR2                       
000001b0  ADC10CTL0                     
000001b2  ADC10CTL1                     
000001b4  ADC10MEM                      
000001bc  ADC10SA                       
00000200  capt                          
00000202  distance_parcourue            
00000203  is_moving                     
00000204  nbr_front_roue1               
00000205  nbr_front_roue2               
00000206  sec                           
00000207  error                         
000003b0  _stack                        
00000400  __STACK_END                   
000010c0  TLV_CHECKSUM                  
000010da  TLV_ADC10_1_TAG               
000010db  TLV_ADC10_1_LEN               
000010f6  TLV_DCO_30_TAG                
000010f7  TLV_DCO_30_LEN                
000010f8  CALDCO_16MHZ                  
000010f9  CALBC1_16MHZ                  
000010fa  CALDCO_12MHZ                  
000010fb  CALBC1_12MHZ                  
000010fc  CALDCO_8MHZ                   
000010fd  CALBC1_8MHZ                   
000010fe  CALDCO_1MHZ                   
000010ff  CALBC1_1MHZ                   
0000c000  action_robot                  
0000c1c4  enslavement                   
0000c310  __TI_decompress_lzss          
0000c38c  convert_Hex_Dec               
0000c402  choreography                  
0000c44e  engines_configs               
0000c49a  __mspabi_srli                 
0000c4a8  __mspabi_srli_15              
0000c4ac  __mspabi_srli_14              
0000c4b0  __mspabi_srli_13              
0000c4b4  __mspabi_srli_12              
0000c4b8  __mspabi_srli_11              
0000c4bc  __mspabi_srli_10              
0000c4c0  __mspabi_srli_9               
0000c4c4  __mspabi_srli_8               
0000c4c8  __mspabi_srli_7               
0000c4cc  __mspabi_srli_6               
0000c4d0  __mspabi_srli_5               
0000c4d4  __mspabi_srli_4               
0000c4d8  __mspabi_srli_3               
0000c4dc  __mspabi_srli_2               
0000c4e0  __mspabi_srli_1               
0000c4e6  __TI_auto_init_nobinit_nopinit
0000c528  Aff_Init                      
0000c568  main                          
0000c5a8  Aff_valeur                    
0000c5e6  robot_tourner_droite          
0000c618  Init_USI_SPI                  
0000c646  __mspabi_srai                 
0000c652  __mspabi_srai_15              
0000c654  __mspabi_srai_14              
0000c656  __mspabi_srai_13              
0000c658  __mspabi_srai_12              
0000c65a  __mspabi_srai_11              
0000c65c  __mspabi_srai_10              
0000c65e  __mspabi_srai_9               
0000c660  __mspabi_srai_8               
0000c662  __mspabi_srai_7               
0000c664  __mspabi_srai_6               
0000c666  __mspabi_srai_5               
0000c668  __mspabi_srai_4               
0000c66a  __mspabi_srai_3               
0000c66c  __mspabi_srai_2               
0000c66e  __mspabi_srai_1               
0000c672  __mspabi_divi                 
0000c672  __mspabi_remi                 
0000c69e  __mspabi_slli                 
0000c6aa  __mspabi_slli_15              
0000c6ac  __mspabi_slli_14              
0000c6ae  __mspabi_slli_13              
0000c6b0  __mspabi_slli_12              
0000c6b2  __mspabi_slli_11              
0000c6b4  __mspabi_slli_10              
0000c6b6  __mspabi_slli_9               
0000c6b8  __mspabi_slli_8               
0000c6ba  __mspabi_slli_7               
0000c6bc  __mspabi_slli_6               
0000c6be  __mspabi_slli_5               
0000c6c0  __mspabi_slli_4               
0000c6c2  __mspabi_slli_3               
0000c6c4  __mspabi_slli_2               
0000c6c6  __mspabi_slli_1               
0000c6ca  octo_coupleur_reading_config  
0000c6f4  octo_coupleur                 
0000c71a  Aff_4carac                    
0000c73c  _c_int00_noargs               
0000c758  Send_char_SPI                 
0000c770  ADC_Demarrer_conversion       
0000c786  ADC_init                      
0000c79c  afficheTime                   
0000c7b2  __mspabi_divu                 
0000c7b2  __mspabi_remu                 
0000c7c8  __TI_zero_init_nomemset       
0000c7dc  __mspabi_mpyi                 
0000c7dc  __mspabi_mpyi_sw              
0000c7f0  Aff_Luminosite                
0000c802  Aff_Points                    
0000c814  __TI_decompress_none          
0000c826  memcpy                        
0000c838  ADC_Lire_resultat             
0000c848  Aff_Efface                    
0000c858  limit                         
0000c868  __mspabi_func_epilog_7        
0000c86a  __mspabi_func_epilog_6        
0000c86c  __mspabi_func_epilog_5        
0000c86e  __mspabi_func_epilog_4        
0000c870  __mspabi_func_epilog_3        
0000c872  __mspabi_func_epilog_2        
0000c874  __mspabi_func_epilog_1        
0000c878  timer_set                     
0000c886  __TI_ISR_TRAP                 
0000c88e  robot_arret                   
0000c896  robot_avancer                 
0000c89e  timer_start                   
0000c8a6  C$$EXIT                       
0000c8a6  abort                         
0000c8ac  _system_pre_init              
0000c8b0  _system_post_cinit            
0000c8c0  __TI_Handler_Table_Base       
0000c8c6  __TI_Handler_Table_Limit      
0000c8ca  __TI_CINIT_Base               
0000c8d2  __TI_CINIT_Limit              
0000c8d2  __TI_CINIT_Warm               
0000ffe0  __TI_int00                    
0000ffe4  __TI_int02                    
0000ffe6  __TI_int03                    
0000ffea  __TI_int05                    
0000ffec  __TI_int06                    
0000ffee  __TI_int07                    
0000fff0  __TI_int08                    
0000fff2  __TI_int09                    
0000fff4  __TI_int10                    
0000fff6  __TI_int11                    
0000fff8  __TI_int12                    
0000fffa  __TI_int13                    
0000fffc  __TI_int14                    
0000fffe  _reset_vector                 
ffffffff  __TI_pprof_out_hndl           
ffffffff  __TI_prof_data_size           
ffffffff  __TI_prof_data_start          
ffffffff  __c_args__                    

[229 symbols]
